Analysis & Synthesis report for Line_Follower
Mon Jan 30 19:46:14 2023
Quartus Prime Version 19.1.0 Build 670 09/22/2019 SJ Lite Edition


---------------------
; Table of Contents ;
---------------------
  1. Legal Notice
  2. Analysis & Synthesis Summary
  3. Analysis & Synthesis Settings
  4. Parallel Compilation
  5. Analysis & Synthesis Source Files Read
  6. Analysis & Synthesis Resource Usage Summary
  7. Analysis & Synthesis Resource Utilization by Entity
  8. State Machine - |Line_Follower|cf
  9. State Machine - |Line_Follower|cc
 10. State Machine - |Line_Follower|cs
 11. Registers Removed During Synthesis
 12. General Register Statistics
 13. Inverted Register Statistics
 14. Multiplexer Restructuring Statistics (Restructuring Performed)
 15. Post-Synthesis Netlist Statistics for Top Partition
 16. Elapsed Time Per Partition
 17. Analysis & Synthesis Messages
 18. Analysis & Synthesis Suppressed Messages



----------------
; Legal Notice ;
----------------
Copyright (C) 2019  Intel Corporation. All rights reserved.
Your use of Intel Corporation's design tools, logic functions 
and other software and tools, and any partner logic 
functions, and any output files from any of the foregoing 
(including device programming or simulation files), and any 
associated documentation or information are expressly subject 
to the terms and conditions of the Intel Program License 
Subscription Agreement, the Intel Quartus Prime License Agreement,
the Intel FPGA IP License Agreement, or other applicable license
agreement, including, without limitation, that your use is for
the sole purpose of programming logic devices manufactured by
Intel and sold by Intel or its authorized distributors.  Please
refer to the applicable agreement for further details, at
https://fpgasoftware.intel.com/eula.



+----------------------------------------------------------------------------------+
; Analysis & Synthesis Summary                                                     ;
+------------------------------------+---------------------------------------------+
; Analysis & Synthesis Status        ; Successful - Mon Jan 30 19:46:14 2023       ;
; Quartus Prime Version              ; 19.1.0 Build 670 09/22/2019 SJ Lite Edition ;
; Revision Name                      ; Line_Follower                               ;
; Top-level Entity Name              ; Line_Follower                               ;
; Family                             ; Cyclone IV E                                ;
; Total logic elements               ; 2,333                                       ;
;     Total combinational functions  ; 2,194                                       ;
;     Dedicated logic registers      ; 843                                         ;
; Total registers                    ; 843                                         ;
; Total pins                         ; 22                                          ;
; Total virtual pins                 ; 0                                           ;
; Total memory bits                  ; 0                                           ;
; Embedded Multiplier 9-bit elements ; 0                                           ;
; Total PLLs                         ; 0                                           ;
+------------------------------------+---------------------------------------------+


+------------------------------------------------------------------------------------------------------------+
; Analysis & Synthesis Settings                                                                              ;
+------------------------------------------------------------------+--------------------+--------------------+
; Option                                                           ; Setting            ; Default Value      ;
+------------------------------------------------------------------+--------------------+--------------------+
; Device                                                           ; EP4CE22F17C6       ;                    ;
; Top-level entity name                                            ; Line_Follower      ; Line_Follower      ;
; Family name                                                      ; Cyclone IV E       ; Cyclone V          ;
; Use smart compilation                                            ; Off                ; Off                ;
; Enable parallel Assembler and Timing Analyzer during compilation ; On                 ; On                 ;
; Enable compact report table                                      ; Off                ; Off                ;
; Restructure Multiplexers                                         ; Auto               ; Auto               ;
; Create Debugging Nodes for IP Cores                              ; Off                ; Off                ;
; Preserve fewer node names                                        ; On                 ; On                 ;
; Intel FPGA IP Evaluation Mode                                    ; Enable             ; Enable             ;
; Verilog Version                                                  ; Verilog_2001       ; Verilog_2001       ;
; VHDL Version                                                     ; VHDL_1993          ; VHDL_1993          ;
; State Machine Processing                                         ; Auto               ; Auto               ;
; Safe State Machine                                               ; Off                ; Off                ;
; Extract Verilog State Machines                                   ; On                 ; On                 ;
; Extract VHDL State Machines                                      ; On                 ; On                 ;
; Ignore Verilog initial constructs                                ; Off                ; Off                ;
; Iteration limit for constant Verilog loops                       ; 5000               ; 5000               ;
; Iteration limit for non-constant Verilog loops                   ; 250                ; 250                ;
; Add Pass-Through Logic to Inferred RAMs                          ; On                 ; On                 ;
; Infer RAMs from Raw Logic                                        ; On                 ; On                 ;
; Parallel Synthesis                                               ; On                 ; On                 ;
; DSP Block Balancing                                              ; Auto               ; Auto               ;
; NOT Gate Push-Back                                               ; On                 ; On                 ;
; Power-Up Don't Care                                              ; On                 ; On                 ;
; Remove Redundant Logic Cells                                     ; Off                ; Off                ;
; Remove Duplicate Registers                                       ; On                 ; On                 ;
; Ignore CARRY Buffers                                             ; Off                ; Off                ;
; Ignore CASCADE Buffers                                           ; Off                ; Off                ;
; Ignore GLOBAL Buffers                                            ; Off                ; Off                ;
; Ignore ROW GLOBAL Buffers                                        ; Off                ; Off                ;
; Ignore LCELL Buffers                                             ; Off                ; Off                ;
; Ignore SOFT Buffers                                              ; On                 ; On                 ;
; Limit AHDL Integers to 32 Bits                                   ; Off                ; Off                ;
; Optimization Technique                                           ; Balanced           ; Balanced           ;
; Carry Chain Length                                               ; 70                 ; 70                 ;
; Auto Carry Chains                                                ; On                 ; On                 ;
; Auto Open-Drain Pins                                             ; On                 ; On                 ;
; Perform WYSIWYG Primitive Resynthesis                            ; Off                ; Off                ;
; Auto ROM Replacement                                             ; On                 ; On                 ;
; Auto RAM Replacement                                             ; On                 ; On                 ;
; Auto DSP Block Replacement                                       ; On                 ; On                 ;
; Auto Shift Register Replacement                                  ; Auto               ; Auto               ;
; Allow Shift Register Merging across Hierarchies                  ; Auto               ; Auto               ;
; Auto Clock Enable Replacement                                    ; On                 ; On                 ;
; Strict RAM Replacement                                           ; Off                ; Off                ;
; Allow Synchronous Control Signals                                ; On                 ; On                 ;
; Force Use of Synchronous Clear Signals                           ; Off                ; Off                ;
; Auto RAM Block Balancing                                         ; On                 ; On                 ;
; Auto RAM to Logic Cell Conversion                                ; Off                ; Off                ;
; Auto Resource Sharing                                            ; Off                ; Off                ;
; Allow Any RAM Size For Recognition                               ; Off                ; Off                ;
; Allow Any ROM Size For Recognition                               ; Off                ; Off                ;
; Allow Any Shift Register Size For Recognition                    ; Off                ; Off                ;
; Use LogicLock Constraints during Resource Balancing              ; On                 ; On                 ;
; Ignore translate_off and synthesis_off directives                ; Off                ; Off                ;
; Timing-Driven Synthesis                                          ; On                 ; On                 ;
; Report Parameter Settings                                        ; On                 ; On                 ;
; Report Source Assignments                                        ; On                 ; On                 ;
; Report Connectivity Checks                                       ; On                 ; On                 ;
; Ignore Maximum Fan-Out Assignments                               ; Off                ; Off                ;
; Synchronization Register Chain Length                            ; 2                  ; 2                  ;
; Power Optimization During Synthesis                              ; Normal compilation ; Normal compilation ;
; HDL message level                                                ; Level2             ; Level2             ;
; Suppress Register Optimization Related Messages                  ; Off                ; Off                ;
; Number of Removed Registers Reported in Synthesis Report         ; 5000               ; 5000               ;
; Number of Swept Nodes Reported in Synthesis Report               ; 5000               ; 5000               ;
; Number of Inverted Registers Reported in Synthesis Report        ; 100                ; 100                ;
; Clock MUX Protection                                             ; On                 ; On                 ;
; Auto Gated Clock Conversion                                      ; Off                ; Off                ;
; Block Design Naming                                              ; Auto               ; Auto               ;
; SDC constraint protection                                        ; Off                ; Off                ;
; Synthesis Effort                                                 ; Auto               ; Auto               ;
; Shift Register Replacement - Allow Asynchronous Clear Signal     ; On                 ; On                 ;
; Pre-Mapping Resynthesis Optimization                             ; Off                ; Off                ;
; Analysis & Synthesis Message Level                               ; Medium             ; Medium             ;
; Disable Register Merging Across Hierarchies                      ; Auto               ; Auto               ;
; Resource Aware Inference For Block RAM                           ; On                 ; On                 ;
+------------------------------------------------------------------+--------------------+--------------------+


+------------------------------------------+
; Parallel Compilation                     ;
+----------------------------+-------------+
; Processors                 ; Number      ;
+----------------------------+-------------+
; Number detected on machine ; 4           ;
; Maximum allowed            ; 4           ;
;                            ;             ;
; Average used               ; 1.00        ;
; Maximum used               ; 4           ;
;                            ;             ;
; Usage by Processor         ; % Time Used ;
;     Processor 1            ; 100.0%      ;
;     Processor 2            ;   0.0%      ;
;     Processor 3            ;   0.0%      ;
;     Processor 4            ;   0.0%      ;
+----------------------------+-------------+


+---------------------------------------------------------------------------------------------------------------------------------------------------+
; Analysis & Synthesis Source Files Read                                                                                                            ;
+----------------------------------+-----------------+------------------------+-----------------------------------------------------------+---------+
; File Name with User-Entered Path ; Used in Netlist ; File Type              ; File Name with Absolute Path                              ; Library ;
+----------------------------------+-----------------+------------------------+-----------------------------------------------------------+---------+
; Line_Follower.v                  ; yes             ; User Verilog HDL File  ; C:/Users/himan/Desktop/verilog/final code/Line_Follower.v ;         ;
+----------------------------------+-----------------+------------------------+-----------------------------------------------------------+---------+


+---------------------------------------------------------+
; Analysis & Synthesis Resource Usage Summary             ;
+---------------------------------------------+-----------+
; Resource                                    ; Usage     ;
+---------------------------------------------+-----------+
; Estimated Total logic elements              ; 2,333     ;
;                                             ;           ;
; Total combinational functions               ; 2194      ;
; Logic element usage by number of LUT inputs ;           ;
;     -- 4 input functions                    ; 871       ;
;     -- 3 input functions                    ; 355       ;
;     -- <=2 input functions                  ; 968       ;
;                                             ;           ;
; Logic elements by mode                      ;           ;
;     -- normal mode                          ; 1392      ;
;     -- arithmetic mode                      ; 802       ;
;                                             ;           ;
; Total registers                             ; 843       ;
;     -- Dedicated logic registers            ; 843       ;
;     -- I/O registers                        ; 0         ;
;                                             ;           ;
; I/O pins                                    ; 22        ;
;                                             ;           ;
; Embedded Multiplier 9-bit elements          ; 0         ;
;                                             ;           ;
; Maximum fan-out node                        ; clk~input ;
; Maximum fan-out                             ; 756       ;
; Total fan-out                               ; 9380      ;
; Average fan-out                             ; 3.04      ;
+---------------------------------------------+-----------+


+------------------------------------------------------------------------------------------------------------------------------------------------------------------------------------------------------------+
; Analysis & Synthesis Resource Utilization by Entity                                                                                                                                                        ;
+----------------------------+---------------------+---------------------------+-------------+--------------+---------+-----------+------+--------------+---------------------+---------------+--------------+
; Compilation Hierarchy Node ; Combinational ALUTs ; Dedicated Logic Registers ; Memory Bits ; DSP Elements ; DSP 9x9 ; DSP 18x18 ; Pins ; Virtual Pins ; Full Hierarchy Name ; Entity Name   ; Library Name ;
+----------------------------+---------------------+---------------------------+-------------+--------------+---------+-----------+------+--------------+---------------------+---------------+--------------+
; |Line_Follower             ; 2194 (2194)         ; 843 (843)                 ; 0           ; 0            ; 0       ; 0         ; 22   ; 0            ; |Line_Follower      ; Line_Follower ; work         ;
+----------------------------+---------------------+---------------------------+-------------+--------------+---------+-----------+------+--------------+---------------------+---------------+--------------+
Note: For table entries with two numbers listed, the numbers in parentheses indicate the number of resources of the given type used by the specific entity alone. The numbers listed outside of parentheses indicate the total resources of the given type used by the specific entity and all of its sub-entities in the hierarchy.


Encoding Type:  One-Hot
+-----------------------------------------------+
; State Machine - |Line_Follower|cf             ;
+-----------+-----------+-----------+-----------+
; Name      ; cf.data_3 ; cf.data_1 ; cf.data_2 ;
+-----------+-----------+-----------+-----------+
; cf.data_1 ; 0         ; 0         ; 0         ;
; cf.data_2 ; 0         ; 1         ; 1         ;
; cf.data_3 ; 1         ; 1         ; 0         ;
+-----------+-----------+-----------+-----------+


Encoding Type:  One-Hot
+-----------------------------------------------------------+
; State Machine - |Line_Follower|cc                         ;
+--------------+--------------+--------------+--------------+
; Name         ; cc.channel_3 ; cc.channel_1 ; cc.channel_2 ;
+--------------+--------------+--------------+--------------+
; cc.channel_1 ; 0            ; 0            ; 0            ;
; cc.channel_2 ; 0            ; 1            ; 1            ;
; cc.channel_3 ; 1            ; 1            ; 0            ;
+--------------+--------------+--------------+--------------+


Encoding Type:  One-Hot
+---------------------------------------+
; State Machine - |Line_Follower|cs     ;
+---------+---------+---------+---------+
; Name    ; cs.df_3 ; cs.df_1 ; cs.df_2 ;
+---------+---------+---------+---------+
; cs.df_1 ; 0       ; 0       ; 0       ;
; cs.df_2 ; 0       ; 1       ; 1       ;
; cs.df_3 ; 1       ; 1       ; 0       ;
+---------+---------+---------+---------+


+------------------------------------------------------------------------------------+
; Registers Removed During Synthesis                                                 ;
+-------------------------------------------+----------------------------------------+
; Register name                             ; Reason for Removal                     ;
+-------------------------------------------+----------------------------------------+
; lw_b_pwm_thres[1..4,6,7,9..12,14,19..100] ; Merged with lw_b_pwm_thres[0]          ;
; lw_f_pwm_thres[0..4,6,7,9..12,14,19..100] ; Merged with lw_b_pwm_thres[0]          ;
; rw_b_pwm_thres[0..4,6,7,9..12,14,19..100] ; Merged with lw_b_pwm_thres[0]          ;
; rw_f_pwm_thres[0..4,6,7,9..12,14,19..100] ; Merged with lw_b_pwm_thres[0]          ;
; rw_f_pwm_thres[5,8,15..18]                ; Merged with rw_f_pwm_thres[13]         ;
; rw_b_pwm_thres[5,8,15..18]                ; Merged with rw_b_pwm_thres[13]         ;
; lw_f_pwm_thres[5,8,15..18]                ; Merged with lw_f_pwm_thres[13]         ;
; lw_b_pwm_thres[5,8,15..18]                ; Merged with lw_b_pwm_thres[13]         ;
; address_counter[0]                        ; Merged with channel_counter[0]         ;
; cc~4                                      ; Lost fanout                            ;
; cc~5                                      ; Lost fanout                            ;
; cc~6                                      ; Lost fanout                            ;
; channel_counter[1]                        ; Merged with address_counter[1]         ;
; channel_counter[2]                        ; Merged with address_counter[2]         ;
; channel_counter[3]                        ; Merged with address_counter[3]         ;
; channel_counter[4]                        ; Merged with address_counter[4]         ;
; cf.data_1                                 ; Merged with cc.channel_1               ;
; cf.data_2                                 ; Merged with cc.channel_2               ;
; cf.data_3                                 ; Merged with cc.channel_3               ;
; lw_b_pwm_thres[0]                         ; Stuck at GND due to stuck port data_in ;
; Total Number of Removed Registers = 411   ;                                        ;
+-------------------------------------------+----------------------------------------+


+------------------------------------------------------+
; General Register Statistics                          ;
+----------------------------------------------+-------+
; Statistic                                    ; Value ;
+----------------------------------------------+-------+
; Total registers                              ; 843   ;
; Number of registers using Synchronous Clear  ; 207   ;
; Number of registers using Synchronous Load   ; 106   ;
; Number of registers using Asynchronous Clear ; 0     ;
; Number of registers using Asynchronous Load  ; 0     ;
; Number of registers using Clock Enable       ; 772   ;
; Number of registers using Preset             ; 0     ;
+----------------------------------------------+-------+


+--------------------------------------------------+
; Inverted Register Statistics                     ;
+----------------------------------------+---------+
; Inverted Register                      ; Fan out ;
+----------------------------------------+---------+
; Tx                                     ; 1       ;
; cs_uart[0]                             ; 12      ;
; flag_decision                          ; 2       ;
; data[0]                                ; 4       ;
; data[2]                                ; 3       ;
; Total number of inverted registers = 5 ;         ;
+----------------------------------------+---------+


+--------------------------------------------------------------------------------------------------------------------------------------------------+
; Multiplexer Restructuring Statistics (Restructuring Performed)                                                                                   ;
+--------------------+-----------+---------------+----------------------+------------------------+------------+------------------------------------+
; Multiplexer Inputs ; Bus Width ; Baseline Area ; Area if Restructured ; Saving if Restructured ; Registered ; Example Multiplexer Output         ;
+--------------------+-----------+---------------+----------------------+------------------------+------------+------------------------------------+
; 3:1                ; 101 bits  ; 202 LEs       ; 202 LEs              ; 0 LEs                  ; Yes        ; |Line_Follower|pwm_cnt[5]          ;
; 3:1                ; 101 bits  ; 202 LEs       ; 101 LEs              ; 101 LEs                ; Yes        ; |Line_Follower|cnt_freq_str[79]    ;
; 3:1                ; 2 bits    ; 4 LEs         ; 2 LEs                ; 2 LEs                  ; Yes        ; |Line_Follower|bled                ;
; 4:1                ; 5 bits    ; 10 LEs        ; 10 LEs               ; 0 LEs                  ; Yes        ; |Line_Follower|rw_b_pwm_thres[13]  ;
; 4:1                ; 101 bits  ; 202 LEs       ; 101 LEs              ; 101 LEs                ; Yes        ; |Line_Follower|COUNT_RED[54]       ;
; 5:1                ; 101 bits  ; 303 LEs       ; 101 LEs              ; 202 LEs                ; Yes        ; |Line_Follower|COUNT_BLUE[69]      ;
; 6:1                ; 4 bits    ; 16 LEs        ; 4 LEs                ; 12 LEs                 ; Yes        ; |Line_Follower|bit_counter[2]      ;
; 6:1                ; 101 bits  ; 404 LEs       ; 101 LEs              ; 303 LEs                ; Yes        ; |Line_Follower|COUNT_GREEN[63]     ;
; 8:1                ; 2 bits    ; 10 LEs        ; 8 LEs                ; 2 LEs                  ; Yes        ; |Line_Follower|cs_uart[1]          ;
; 6:1                ; 11 bits   ; 44 LEs        ; 11 LEs               ; 33 LEs                 ; Yes        ; |Line_Follower|cnt_case8[10]       ;
; 6:1                ; 11 bits   ; 44 LEs        ; 11 LEs               ; 33 LEs                 ; Yes        ; |Line_Follower|cnt_case7[8]        ;
; 6:1                ; 11 bits   ; 44 LEs        ; 11 LEs               ; 33 LEs                 ; Yes        ; |Line_Follower|cnt_case6[6]        ;
; 6:1                ; 11 bits   ; 44 LEs        ; 11 LEs               ; 33 LEs                 ; Yes        ; |Line_Follower|cnt_case5[10]       ;
; 7:1                ; 11 bits   ; 44 LEs        ; 11 LEs               ; 33 LEs                 ; Yes        ; |Line_Follower|cnt_case4[10]       ;
; 7:1                ; 11 bits   ; 44 LEs        ; 11 LEs               ; 33 LEs                 ; Yes        ; |Line_Follower|cnt_case3[2]        ;
; 7:1                ; 11 bits   ; 44 LEs        ; 11 LEs               ; 33 LEs                 ; Yes        ; |Line_Follower|cnt_case2[9]        ;
; 7:1                ; 11 bits   ; 44 LEs        ; 11 LEs               ; 33 LEs                 ; Yes        ; |Line_Follower|cnt_case1[1]        ;
; 10:1               ; 2 bits    ; 12 LEs        ; 8 LEs                ; 4 LEs                  ; Yes        ; |Line_Follower|bit1                ;
; 4:1                ; 2 bits    ; 4 LEs         ; 4 LEs                ; 0 LEs                  ; No         ; |Line_Follower|flag_right_movement ;
+--------------------+-----------+---------------+----------------------+------------------------+------------+------------------------------------+


+-----------------------------------------------------+
; Post-Synthesis Netlist Statistics for Top Partition ;
+-----------------------+-----------------------------+
; Type                  ; Count                       ;
+-----------------------+-----------------------------+
; boundary_port         ; 22                          ;
; cycloneiii_ff         ; 843                         ;
;     ENA               ; 566                         ;
;     ENA SCLR          ; 101                         ;
;     ENA SCLR SLD      ; 105                         ;
;     SCLR SLD          ; 1                           ;
;     plain             ; 70                          ;
; cycloneiii_lcell_comb ; 2195                        ;
;     arith             ; 802                         ;
;         2 data inputs ; 773                         ;
;         3 data inputs ; 29                          ;
;     normal            ; 1393                        ;
;         0 data inputs ; 1                           ;
;         1 data inputs ; 21                          ;
;         2 data inputs ; 174                         ;
;         3 data inputs ; 326                         ;
;         4 data inputs ; 871                         ;
;                       ;                             ;
; Max LUT depth         ; 43.10                       ;
; Average LUT depth     ; 23.10                       ;
+-----------------------+-----------------------------+


+-------------------------------+
; Elapsed Time Per Partition    ;
+----------------+--------------+
; Partition Name ; Elapsed Time ;
+----------------+--------------+
; Top            ; 00:00:24     ;
+----------------+--------------+


+-------------------------------+
; Analysis & Synthesis Messages ;
+-------------------------------+
Info: *******************************************************************
Info: Running Quartus Prime Analysis & Synthesis
    Info: Version 19.1.0 Build 670 09/22/2019 SJ Lite Edition
    Info: Processing started: Mon Jan 30 19:45:34 2023
Info: Command: quartus_map --read_settings_files=on --write_settings_files=off Line_Follower -c Line_Follower
Warning (18236): Number of processors has not been specified which may cause overloading on shared machines.  Set the global assignment NUM_PARALLEL_PROCESSORS in your QSF to an appropriate value for best performance.
Info (20030): Parallel compilation is enabled and will use 4 of the 4 processors detected
Info (12021): Found 1 design units, including 1 entities, in source file line_follower.v
    Info (12023): Found entity 1: Line_Follower File: C:/Users/himan/Desktop/verilog/final code/Line_Follower.v Line: 1
Info (12127): Elaborating entity "Line_Follower" for the top level hierarchy
Warning (10036): Verilog HDL or VHDL warning at Line_Follower.v(145): object "Data_ch5" assigned a value but never read File: C:/Users/himan/Desktop/verilog/final code/Line_Follower.v Line: 145
Warning (10036): Verilog HDL or VHDL warning at Line_Follower.v(146): object "Data_ch6" assigned a value but never read File: C:/Users/himan/Desktop/verilog/final code/Line_Follower.v Line: 146
Warning (10036): Verilog HDL or VHDL warning at Line_Follower.v(147): object "Data_ch7" assigned a value but never read File: C:/Users/himan/Desktop/verilog/final code/Line_Follower.v Line: 147
Warning (10036): Verilog HDL or VHDL warning at Line_Follower.v(453): object "dash_letter_1" assigned a value but never read File: C:/Users/himan/Desktop/verilog/final code/Line_Follower.v Line: 453
Warning (10036): Verilog HDL or VHDL warning at Line_Follower.v(460): object "dash_letter_2" assigned a value but never read File: C:/Users/himan/Desktop/verilog/final code/Line_Follower.v Line: 460
Warning (10230): Verilog HDL assignment warning at Line_Follower.v(113): truncated value with size 2 to match size of target (1) File: C:/Users/himan/Desktop/verilog/final code/Line_Follower.v Line: 113
Warning (10230): Verilog HDL assignment warning at Line_Follower.v(238): truncated value with size 32 to match size of target (5) File: C:/Users/himan/Desktop/verilog/final code/Line_Follower.v Line: 238
Warning (10230): Verilog HDL assignment warning at Line_Follower.v(343): truncated value with size 32 to match size of target (5) File: C:/Users/himan/Desktop/verilog/final code/Line_Follower.v Line: 343
Warning (10230): Verilog HDL assignment warning at Line_Follower.v(446): truncated value with size 5 to match size of target (3) File: C:/Users/himan/Desktop/verilog/final code/Line_Follower.v Line: 446
Warning (10230): Verilog HDL assignment warning at Line_Follower.v(447): truncated value with size 5 to match size of target (3) File: C:/Users/himan/Desktop/verilog/final code/Line_Follower.v Line: 447
Warning (10230): Verilog HDL assignment warning at Line_Follower.v(481): truncated value with size 5 to match size of target (3) File: C:/Users/himan/Desktop/verilog/final code/Line_Follower.v Line: 481
Warning (10230): Verilog HDL assignment warning at Line_Follower.v(489): truncated value with size 32 to match size of target (3) File: C:/Users/himan/Desktop/verilog/final code/Line_Follower.v Line: 489
Warning (10230): Verilog HDL assignment warning at Line_Follower.v(495): truncated value with size 5 to match size of target (3) File: C:/Users/himan/Desktop/verilog/final code/Line_Follower.v Line: 495
Warning (10230): Verilog HDL assignment warning at Line_Follower.v(502): truncated value with size 5 to match size of target (3) File: C:/Users/himan/Desktop/verilog/final code/Line_Follower.v Line: 502
Warning (10230): Verilog HDL assignment warning at Line_Follower.v(503): truncated value with size 5 to match size of target (3) File: C:/Users/himan/Desktop/verilog/final code/Line_Follower.v Line: 503
Warning (10230): Verilog HDL assignment warning at Line_Follower.v(513): truncated value with size 32 to match size of target (4) File: C:/Users/himan/Desktop/verilog/final code/Line_Follower.v Line: 513
Warning (10230): Verilog HDL assignment warning at Line_Follower.v(517): truncated value with size 5 to match size of target (3) File: C:/Users/himan/Desktop/verilog/final code/Line_Follower.v Line: 517
Warning (10230): Verilog HDL assignment warning at Line_Follower.v(525): truncated value with size 32 to match size of target (4) File: C:/Users/himan/Desktop/verilog/final code/Line_Follower.v Line: 525
Warning (10230): Verilog HDL assignment warning at Line_Follower.v(529): truncated value with size 5 to match size of target (3) File: C:/Users/himan/Desktop/verilog/final code/Line_Follower.v Line: 529
Warning (10230): Verilog HDL assignment warning at Line_Follower.v(536): truncated value with size 32 to match size of target (4) File: C:/Users/himan/Desktop/verilog/final code/Line_Follower.v Line: 536
Warning (10230): Verilog HDL assignment warning at Line_Follower.v(540): truncated value with size 5 to match size of target (3) File: C:/Users/himan/Desktop/verilog/final code/Line_Follower.v Line: 540
Warning (10199): Verilog HDL Case Statement warning at Line_Follower.v(545): case item expression never matches the case expression File: C:/Users/himan/Desktop/verilog/final code/Line_Follower.v Line: 545
Warning (10199): Verilog HDL Case Statement warning at Line_Follower.v(560): case item expression never matches the case expression File: C:/Users/himan/Desktop/verilog/final code/Line_Follower.v Line: 560
Warning (10199): Verilog HDL Case Statement warning at Line_Follower.v(571): case item expression never matches the case expression File: C:/Users/himan/Desktop/verilog/final code/Line_Follower.v Line: 571
Warning (10199): Verilog HDL Case Statement warning at Line_Follower.v(585): case item expression never matches the case expression File: C:/Users/himan/Desktop/verilog/final code/Line_Follower.v Line: 585
Warning (10230): Verilog HDL assignment warning at Line_Follower.v(599): truncated value with size 32 to match size of target (4) File: C:/Users/himan/Desktop/verilog/final code/Line_Follower.v Line: 599
Warning (10230): Verilog HDL assignment warning at Line_Follower.v(603): truncated value with size 5 to match size of target (3) File: C:/Users/himan/Desktop/verilog/final code/Line_Follower.v Line: 603
Warning (10230): Verilog HDL assignment warning at Line_Follower.v(610): truncated value with size 32 to match size of target (4) File: C:/Users/himan/Desktop/verilog/final code/Line_Follower.v Line: 610
Warning (10230): Verilog HDL assignment warning at Line_Follower.v(614): truncated value with size 5 to match size of target (3) File: C:/Users/himan/Desktop/verilog/final code/Line_Follower.v Line: 614
Warning (10763): Verilog HDL warning at Line_Follower.v(476): case statement has overlapping case item expressions with non-constant or don't care bits - unable to check case statement for completeness File: C:/Users/himan/Desktop/verilog/final code/Line_Follower.v Line: 476
Warning (10230): Verilog HDL assignment warning at Line_Follower.v(626): truncated value with size 32 to match size of target (9) File: C:/Users/himan/Desktop/verilog/final code/Line_Follower.v Line: 626
Warning (10230): Verilog HDL assignment warning at Line_Follower.v(637): truncated value with size 32 to match size of target (11) File: C:/Users/himan/Desktop/verilog/final code/Line_Follower.v Line: 637
Warning (10230): Verilog HDL assignment warning at Line_Follower.v(669): truncated value with size 32 to match size of target (11) File: C:/Users/himan/Desktop/verilog/final code/Line_Follower.v Line: 669
Warning (10230): Verilog HDL assignment warning at Line_Follower.v(701): truncated value with size 32 to match size of target (11) File: C:/Users/himan/Desktop/verilog/final code/Line_Follower.v Line: 701
Warning (10230): Verilog HDL assignment warning at Line_Follower.v(733): truncated value with size 32 to match size of target (11) File: C:/Users/himan/Desktop/verilog/final code/Line_Follower.v Line: 733
Warning (10230): Verilog HDL assignment warning at Line_Follower.v(765): truncated value with size 32 to match size of target (11) File: C:/Users/himan/Desktop/verilog/final code/Line_Follower.v Line: 765
Warning (10230): Verilog HDL assignment warning at Line_Follower.v(798): truncated value with size 32 to match size of target (11) File: C:/Users/himan/Desktop/verilog/final code/Line_Follower.v Line: 798
Warning (10230): Verilog HDL assignment warning at Line_Follower.v(830): truncated value with size 32 to match size of target (11) File: C:/Users/himan/Desktop/verilog/final code/Line_Follower.v Line: 830
Warning (10230): Verilog HDL assignment warning at Line_Follower.v(861): truncated value with size 32 to match size of target (11) File: C:/Users/himan/Desktop/verilog/final code/Line_Follower.v Line: 861
Warning (10230): Verilog HDL assignment warning at Line_Follower.v(922): truncated value with size 32 to match size of target (11) File: C:/Users/himan/Desktop/verilog/final code/Line_Follower.v Line: 922
Warning (13024): Output pins are stuck at VCC or GND
    Warning (13410): Pin "adc_chip_select" is stuck at GND File: C:/Users/himan/Desktop/verilog/final code/Line_Follower.v Line: 10
Info (286030): Timing-Driven Synthesis is running
Info (17049): 3 registers lost all their fanouts during netlist optimizations.
Info (144001): Generated suppressed messages file C:/Users/himan/Desktop/verilog/final code/output_files/Line_Follower.map.smsg
Info (16010): Generating hard_block partition "hard_block:auto_generated_inst"
    Info (16011): Adding 0 node(s), including 0 DDIO, 0 PLL, 0 transceiver and 0 LCELL
Info (21057): Implemented 2398 device resources after synthesis - the final resource count might be different
    Info (21058): Implemented 3 input pins
    Info (21059): Implemented 19 output pins
    Info (21061): Implemented 2376 logic cells
Info: Quartus Prime Analysis & Synthesis was successful. 0 errors, 43 warnings
    Info: Peak virtual memory: 4798 megabytes
    Info: Processing ended: Mon Jan 30 19:46:14 2023
    Info: Elapsed time: 00:00:40
    Info: Total CPU time (on all processors): 00:00:51


+------------------------------------------+
; Analysis & Synthesis Suppressed Messages ;
+------------------------------------------+
The suppressed messages can be found in C:/Users/himan/Desktop/verilog/final code/output_files/Line_Follower.map.smsg.


