------------------------------------------------------------
Timing Analyzer Summary
------------------------------------------------------------

Type  : Slow 1200mV 85C Model Setup 'clk'
Slack : -27.944
TNS   : -8995.231

Type  : Slow 1200mV 85C Model Setup 'clk_adc'
Slack : -2.650
TNS   : -136.130

Type  : Slow 1200mV 85C Model Hold 'clk'
Slack : 0.342
TNS   : 0.000

Type  : Slow 1200mV 85C Model Hold 'clk_adc'
Slack : 0.343
TNS   : 0.000

Type  : Slow 1200mV 85C Model Minimum Pulse Width 'clk'
Slack : -3.000
TNS   : -759.000

Type  : Slow 1200mV 85C Model Minimum Pulse Width 'clk_adc'
Slack : -1.000
TNS   : -87.000

Type  : Slow 1200mV 0C Model Setup 'clk'
Slack : -24.445
TNS   : -7862.342

Type  : Slow 1200mV 0C Model Setup 'clk_adc'
Slack : -2.309
TNS   : -113.425

Type  : Slow 1200mV 0C Model Hold 'clk'
Slack : 0.298
TNS   : 0.000

Type  : Slow 1200mV 0C Model Hold 'clk_adc'
Slack : 0.301
TNS   : 0.000

Type  : Slow 1200mV 0C Model Minimum Pulse Width 'clk'
Slack : -3.000
TNS   : -759.000

Type  : Slow 1200mV 0C Model Minimum Pulse Width 'clk_adc'
Slack : -1.000
TNS   : -87.000

Type  : Fast 1200mV 0C Model Setup 'clk'
Slack : -15.614
TNS   : -4837.411

Type  : Fast 1200mV 0C Model Setup 'clk_adc'
Slack : -1.123
TNS   : -40.692

Type  : Fast 1200mV 0C Model Hold 'clk_adc'
Slack : 0.176
TNS   : 0.000

Type  : Fast 1200mV 0C Model Hold 'clk'
Slack : 0.178
TNS   : 0.000

Type  : Fast 1200mV 0C Model Minimum Pulse Width 'clk'
Slack : -3.000
TNS   : -802.457

Type  : Fast 1200mV 0C Model Minimum Pulse Width 'clk_adc'
Slack : -1.000
TNS   : -87.000

------------------------------------------------------------
